Last login: Sat Jan 18 18:10:51 on ttys000
(base) Leo--yuzhouwudichaojidashuaige:~ leo$ cd git-it/hello-world
(base) Leo--yuzhouwudichaojidashuaige:hello-world leo$ ls -lah
total 24
drwxr-xr-x   5 leo  staff   160B  1 18 18:11 .
drwxr-xr-x   4 leo  staff   128B  1 18 18:04 ..
-rw-r--r--@  1 leo  staff   6.0K  1 18 18:11 .DS_Store
drwxr-xr-x  12 leo  staff   384B  1 18 18:12 .git
-rw-r--r--@  1 leo  staff   508B  1 18 18:11 readme.txt
(base) Leo--yuzhouwudichaojidashuaige:hello-world leo$ rm -rf .git
(base) Leo--yuzhouwudichaojidashuaige:hello-world leo$ git init
Initialized empty Git repository in /Users/leo/git-it/hello-world/.git/
(base) Leo--yuzhouwudichaojidashuaige:hello-world leo$ git status
On branch master

No commits yet

Untracked files:
  (use "git add <file>..." to include in what will be committed)

	.DS_Store
	readme.txt

nothing added to commit but untracked files present (use "git add" to track)
(base) Leo--yuzhouwudichaojidashuaige:hello-world leo$ git config
usage: git config [<options>]

Config file location
    --global              use global config file
    --system              use system config file
    --local               use repository config file
    --worktree            use per-worktree config file
    -f, --file <file>     use given config file
    --blob <blob-id>      read config from given blob object

Action
    --get                 get value: name [value-regex]
    --get-all             get all values: key [value-regex]
    --get-regexp          get values for regexp: name-regex [value-regex]
    --get-urlmatch        get value specific for the URL: section[.var] URL
    --replace-all         replace all matching variables: name value [value_regex]
    --add                 add a new variable: name value
    --unset               remove a variable: name [value-regex]
    --unset-all           remove all matches: name [value-regex]
    --rename-section      rename section: old-name new-name
    --remove-section      remove a section: name
    -l, --list            list all
    -e, --edit            open an editor
    --get-color           find the color configured: slot [default]
    --get-colorbool       find the color setting: slot [stdout-is-tty]

Type
    -t, --type <>         value is given this type
    --bool                value is "true" or "false"
    --int                 value is decimal number
    --bool-or-int         value is --bool or --int
    --path                value is a path (file or directory name)
    --expiry-date         value is an expiry date

Other
    -z, --null            terminate values with NUL byte
    --name-only           show variable names only
    --includes            respect include directives on lookup
    --show-origin         show origin of config (file, standard input, blob, command line)
    --default <value>     with --get, use default value when missing entry

(base) Leo--yuzhouwudichaojidashuaige:hello-world leo$ git config -global user
error: did you mean `--global` (with two dashes ?)
(base) Leo--yuzhouwudichaojidashuaige:hello-world leo$ 
(base) Leo--yuzhouwudichaojidashuaige:hello-world leo$ git config --global user
error: key does not contain a section: user
(base) Leo--yuzhouwudichaojidashuaige:hello-world leo$ git config --global user.name "leowang2004
> leo
> leo
> leo
> 
(base) Leo--yuzhouwudichaojidashuaige:hello-world leo$ git config --global user.email "leowhy2004@gmail.com
> 
(base) Leo--yuzhouwudichaojidashuaige:hello-world leo$ git config --global user.email "leowhy2004@gmail.com"
(base) Leo--yuzhouwudichaojidashuaige:hello-world leo$ git config --global user.name "leowang2004"
(base) Leo--yuzhouwudichaojidashuaige:hello-world leo$ git status
On branch master

No commits yet

Untracked files:
  (use "git add <file>..." to include in what will be committed)

	.DS_Store
	readme.txt

nothing added to commit but untracked files present (use "git add" to track)
(base) Leo--yuzhouwudichaojidashuaige:hello-world leo$ git add readme.txt
(base) Leo--yuzhouwudichaojidashuaige:hello-world leo$ git status
On branch master

No commits yet

Changes to be committed:
  (use "git rm --cached <file>..." to unstage)

	new file:   readme.txt

Untracked files:
  (use "git add <file>..." to include in what will be committed)

	.DS_Store

(base) Leo--yuzhouwudichaojidashuaige:hello-world leo$ git commit -m "created readme"
[master (root-commit) 6ee9b48] created readme
 1 file changed, 48 insertions(+)
 create mode 100644 readme.txt
(base) Leo--yuzhouwudichaojidashuaige:hello-world leo$ git diff
diff --git a/readme.txt b/readme.txt
index 3bc9d2c..51ae519 100644
--- a/readme.txt
+++ b/readme.txt
@@ -25,7 +25,7 @@ Last login: Sat Jan 18 18:06:35 on ttys000
   GNU nano 2.0.6              File: readme.txt                        Modified  
 
 hello
-
+Hellohello
 
 
 
(base) Leo--yuzhouwudichaojidashuaige:hello-world leo$ git status
On branch master
Changes not staged for commit:
  (use "git add <file>..." to update what will be committed)
  (use "git checkout -- <file>..." to discard changes in working directory)

	modified:   readme.txt

Untracked files:
  (use "git add <file>..." to include in what will be committed)

	.DS_Store

no changes added to commit (use "git add" and/or "git commit -a")
(base) Leo--yuzhouwudichaojidashuaige:hello-world leo$ git commit -m "add readme"
On branch master
Changes not staged for commit:
	modified:   readme.txt

Untracked files:
	.DS_Store

no changes added to commit
(base) Leo--yuzhouwudichaojidashuaige:hello-world leo$ git add .
(base) Leo--yuzhouwudichaojidashuaige:hello-world leo$ git add readme.txt
(base) Leo--yuzhouwudichaojidashuaige:hello-world leo$ git commit -m "add readme"
[master b0fc18e] add readme
 2 files changed, 1 insertion(+), 1 deletion(-)
 create mode 100644 .DS_Store
(base) Leo--yuzhouwudichaojidashuaige:hello-world leo$ git config --global user.username leowang2004
(base) Leo--yuzhouwudichaojidashuaige:hello-world leo$ git config --global user.username
leowang2004
(base) Leo--yuzhouwudichaojidashuaige:hello-world leo$ git remote origin https://github.com/leowang2004/hello-world.git
error: Unknown subcommand: origin
usage: git remote [-v | --verbose]
   or: git remote add [-t <branch>] [-m <master>] [-f] [--tags | --no-tags] [--mirror=<fetch|push>] <name> <url>
   or: git remote rename <old> <new>
   or: git remote remove <name>
   or: git remote set-head <name> (-a | --auto | -d | --delete | <branch>)
   or: git remote [-v | --verbose] show [-n] <name>
   or: git remote prune [-n | --dry-run] <name>
   or: git remote [-v | --verbose] update [-p | --prune] [(<group> | <remote>)...]
   or: git remote set-branches [--add] <name> <branch>...
   or: git remote get-url [--push] [--all] <name>
   or: git remote set-url [--push] <name> <newurl> [<oldurl>]
   or: git remote set-url --add <name> <newurl>
   or: git remote set-url --delete <name> <url>

    -v, --verbose         be verbose; must be placed before a subcommand

(base) Leo--yuzhouwudichaojidashuaige:hello-world leo$ git remote add origin https://github.com/leowang2004/hello-world.git
(base) Leo--yuzhouwudichaojidashuaige:hello-world leo$ git push origin master
Enumerating objects: 7, done.
Counting objects: 100% (7/7), done.
Delta compression using up to 4 threads
Compressing objects: 100% (6/6), done.
Writing objects: 100% (7/7), 934 bytes | 934.00 KiB/s, done.
Total 7 (delta 1), reused 0 (delta 0)
remote: Resolving deltas: 100% (1/1), done.
To https://github.com/leowang2004/hello-world.git
 * [new branch]      master -> master
(base) Leo--yuzhouwudichaojidashuaige:hello-world leo$ cd ..
(base) Leo--yuzhouwudichaojidashuaige:git-it leo$ git clone https://github.com/leowang2004/patchwork
Cloning into 'patchwork'...
remote: Enumerating objects: 41, done.
remote: Counting objects: 100% (41/41), done.
remote: Compressing objects: 100% (33/33), done.
remote: Total 357679 (delta 16), reused 14 (delta 3), pack-reused 357638
Receiving objects: 100% (357679/357679), 133.13 MiB | 2.99 MiB/s, done.
Resolving deltas: 100% (168387/168387), done.
warning: the following paths have collided (e.g. case-sensitive paths
on a case-insensitive filesystem) and only one from the same
colliding group is in the working tree:

  'CONTRIBUTORS/add-shahsn.txt'
  'Contributors/add-shahsn.txt'
  'CONTRIBUTORS/add-ZeForgeAcademy.txt'
  'CONTRIBUTORS/add-ZeforgeAcademy.txt'
(base) Leo--yuzhouwudichaojidashuaige:git-it leo$ cd patchwork
(base) Leo--yuzhouwudichaojidashuaige:patchwork leo$ git remote
origin
(base) Leo--yuzhouwudichaojidashuaige:patchwork leo$ git remote -v
origin	https://github.com/leowang2004/patchwork (fetch)
origin	https://github.com/leowang2004/patchwork (push)
(base) Leo--yuzhouwudichaojidashuaige:patchwork leo$ git remote add upstream https://github.com/jlord/patchwork.git
(base) Leo--yuzhouwudichaojidashuaige:patchwork leo$ git remote -v
origin	https://github.com/leowang2004/patchwork (fetch)
origin	https://github.com/leowang2004/patchwork (push)
upstream	https://github.com/jlord/patchwork.git (fetch)
upstream	https://github.com/jlord/patchwork.git (push)
(base) Leo--yuzhouwudichaojidashuaige:patchwork leo$ git status
On branch gh-pages
Your branch is up to date with 'origin/gh-pages'.

nothing to commit, working tree clean
(base) Leo--yuzhouwudichaojidashuaige:patchwork leo$ git branch add-leowang2004
(base) Leo--yuzhouwudichaojidashuaige:patchwork leo$ git checkout add-leowang2004
Switched to branch 'add-leowang2004'
(base) Leo--yuzhouwudichaojidashuaige:patchwork leo$ cd Patchwork
(base) Leo--yuzhouwudichaojidashuaige:Patchwork leo$ cd contributors
(base) Leo--yuzhouwudichaojidashuaige:contributors leo$ ls
add-Abimzy
add-Ajay-Mohanraj.txt
add-Andriymac.txt
add-KrystianoXPL.txt
add-Mark-Malysa 8.23.40 PM 8.23.40 PM.txt
add-NIKHIL-PugMarker.txt
add-alexpickering.txt
add-alissongdev.txt
add-alyngu22.txt
add-amproux82.txt
add-atlas1408.txt
add-awsselva.txt
add-bkim82.txt
add-bwaterman8.txt
add-chloedewees.txt
add-clywedoglens.txt
add-edwardyu0830.txt
add-gaurang-git.txt
add-hernandez87v.txt
add-jkim264.txt
add-keshawkk.txt
add-kkog21.txt
add-leguanin.txt
add-mackxxx.txt
add-medisonliang.txt
add-mnguye13.txt
add-qbn-benenson.txt
add-rohinivsenthil.txt
add-romancheremskyi.txt
add-rrbacius.txt
add-shaiknazia.txt
add-shuchitama.txt
add-strood.txt
add-syrupslayer.txt
add-varsha1998.txt
add-vishal18-gupta.txt
add-wmurphy-collabstar.txt
(base) Leo--yuzhouwudichaojidashuaige:contributors leo$ nano 

  GNU nano 2.0.6                New Buffer                            Modified  

leowang2004



















^G Get Help  ^O WriteOut  ^R Read File ^Y Prev Page ^K Cut Text  ^C Cur Pos
^X Exit      ^J Justify   ^W Where Is  ^V Next Page ^U UnCut Text^T To Spell
